DB size WARNING | 5031.4 MB >= 500 MB threshold — consider pruning old candles | path=/Users/abhisheksingh/Projects/trader-2/data/market.db
Running 24 combinations for NSE:DIXON...
Signal rejected — already in position | NSE:DIXON
Signal rejected — already in position | NSE:DIXON
Signal rejected — already in position | NSE:DIXON
Signal rejected — already in position | NSE:DIXON
Signal rejected — already in position | NSE:DIXON
Signal rejected — already in position | NSE:DIXON
Signal rejected — already in position | NSE:DIXON
Signal rejected — already in position | NSE:DIXON
Signal rejected — already in position | NSE:DIXON
Signal rejected — already in position | NSE:DIXON
Signal rejected — already in position | NSE:DIXON
Signal rejected — already in position | NSE:DIXON
Signal rejected — already in position | NSE:DIXON
Signal rejected — already in position | NSE:DIXON
Signal rejected — already in position | NSE:DIXON
Signal rejected — already in position | NSE:DIXON
Signal rejected — already in position | NSE:DIXON
Signal rejected — already in position | NSE:DIXON
Signal rejected — already in position | NSE:DIXON
Signal rejected — already in position | NSE:DIXON
Signal rejected — already in position | NSE:DIXON
Signal rejected — already in position | NSE:DIXON
Signal rejected — already in position | NSE:DIXON
Signal rejected — already in position | NSE:DIXON
Signal rejected — already in position | NSE:DIXON
Signal rejected — already in position | NSE:DIXON
Signal rejected — already in position | NSE:DIXON
Signal rejected — already in position | NSE:DIXON
Signal rejected — already in position | NSE:DIXON
Signal rejected — already in position | NSE:DIXON
Signal rejected — already in position | NSE:DIXON
Signal rejected — already in position | NSE:DIXON
Signal rejected — already in position | NSE:DIXON
Signal rejected — already in position | NSE:DIXON
Signal rejected — already in position | NSE:DIXON
Signal rejected — already in position | NSE:DIXON
Signal rejected — already in position | NSE:DIXON
Signal rejected — already in position | NSE:DIXON
Signal rejected — already in position | NSE:DIXON
Signal rejected — already in position | NSE:DIXON
Signal rejected — already in position | NSE:DIXON
Signal rejected — already in position | NSE:DIXON
Signal rejected — already in position | NSE:DIXON
Signal rejected — already in position | NSE:DIXON
Signal rejected — already in position | NSE:DIXON
Signal rejected — already in position | NSE:DIXON
Signal rejected — already in position | NSE:DIXON
Signal rejected — already in position | NSE:DIXON
Signal rejected — already in position | NSE:DIXON
Signal rejected — already in position | NSE:DIXON
Signal rejected — already in position | NSE:DIXON
Signal rejected — already in position | NSE:DIXON
Signal rejected — already in position | NSE:DIXON
Signal rejected — already in position | NSE:DIXON
Quantity is 0 for NSE:DIXON — price 11206.70 vs available capital 251973
Signal rejected — already in position | NSE:DIXON
Signal rejected — already in position | NSE:DIXON
Signal rejected — already in position | NSE:DIXON
Signal rejected — already in position | NSE:DIXON
Signal rejected — already in position | NSE:DIXON
Signal rejected — already in position | NSE:DIXON
Signal rejected — already in position | NSE:DIXON
Signal rejected — already in position | NSE:DIXON
Signal rejected — already in position | NSE:DIXON
Signal rejected — already in position | NSE:DIXON
Signal rejected — already in position | NSE:DIXON
Signal rejected — already in position | NSE:DIXON
Signal rejected — already in position | NSE:DIXON
Signal rejected — already in position | NSE:DIXON
Signal rejected — already in position | NSE:DIXON
Signal rejected — already in position | NSE:DIXON
Signal rejected — already in position | NSE:DIXON
Signal rejected — already in position | NSE:DIXON
Signal rejected — already in position | NSE:DIXON
Signal rejected — already in position | NSE:DIXON
Signal rejected — already in position | NSE:DIXON
Signal rejected — already in position | NSE:DIXON
Signal rejected — already in position | NSE:DIXON
Signal rejected — already in position | NSE:DIXON
Signal rejected — already in position | NSE:DIXON
Signal rejected — already in position | NSE:DIXON
Signal rejected — already in position | NSE:DIXON
Signal rejected — already in position | NSE:DIXON
Signal rejected — already in position | NSE:DIXON
Signal rejected — already in position | NSE:DIXON
Signal rejected — already in position | NSE:DIXON
Signal rejected — already in position | NSE:DIXON
Signal rejected — already in position | NSE:DIXON
Signal rejected — already in position | NSE:DIXON
Signal rejected — already in position | NSE:DIXON
Signal rejected — already in position | NSE:DIXON
Signal rejected — already in position | NSE:DIXON
Signal rejected — already in position | NSE:DIXON
Signal rejected — already in position | NSE:DIXON
Signal rejected — already in position | NSE:DIXON
Signal rejected — already in position | NSE:DIXON
Signal rejected — already in position | NSE:DIXON
Signal rejected — already in position | NSE:DIXON
Signal rejected — already in position | NSE:DIXON
Signal rejected — already in position | NSE:DIXON
Signal rejected — already in position | NSE:DIXON
Signal rejected — already in position | NSE:DIXON
Signal rejected — already in position | NSE:DIXON
Signal rejected — already in position | NSE:DIXON
Signal rejected — already in position | NSE:DIXON
Signal rejected — already in position | NSE:DIXON
Signal rejected — already in position | NSE:DIXON
Signal rejected — already in position | NSE:DIXON
Signal rejected — already in position | NSE:DIXON
Signal rejected — already in position | NSE:DIXON
Signal rejected — already in position | NSE:DIXON
Signal rejected — already in position | NSE:DIXON
Signal rejected — already in position | NSE:DIXON
Signal rejected — already in position | NSE:DIXON
Signal rejected — already in position | NSE:DIXON
Signal rejected — already in position | NSE:DIXON
Signal rejected — already in position | NSE:DIXON
Signal rejected — already in position | NSE:DIXON
Signal rejected — already in position | NSE:DIXON
Signal rejected — already in position | NSE:DIXON
Signal rejected — already in position | NSE:DIXON
Signal rejected — already in position | NSE:DIXON
Signal rejected — already in position | NSE:DIXON
Signal rejected — already in position | NSE:DIXON
Signal rejected — already in position | NSE:DIXON
Signal rejected — already in position | NSE:DIXON
Signal rejected — already in position | NSE:DIXON
Signal rejected — already in position | NSE:DIXON
Signal rejected — already in position | NSE:DIXON
Signal rejected — already in position | NSE:DIXON
Quantity is 0 for NSE:DIXON — price 11206.70 vs available capital 252383
.Signal rejected — already in position | NSE:DIXON
Signal rejected — already in position | NSE:DIXON
Signal rejected — already in position | NSE:DIXON
Signal rejected — already in position | NSE:DIXON
Signal rejected — already in position | NSE:DIXON
Signal rejected — already in position | NSE:DIXON
Signal rejected — already in position | NSE:DIXON
Signal rejected — already in position | NSE:DIXON
Signal rejected — already in position | NSE:DIXON
Signal rejected — already in position | NSE:DIXON
Signal rejected — already in position | NSE:DIXON
Signal rejected — already in position | NSE:DIXON
Signal rejected — already in position | NSE:DIXON
Signal rejected — already in position | NSE:DIXON
Signal rejected — already in position | NSE:DIXON
Signal rejected — already in position | NSE:DIXON
Signal rejected — already in position | NSE:DIXON
Signal rejected — already in position | NSE:DIXON
Signal rejected — already in position | NSE:DIXON
Signal rejected — already in position | NSE:DIXON
Signal rejected — already in position | NSE:DIXON
Signal rejected — already in position | NSE:DIXON
Signal rejected — already in position | NSE:DIXON
Signal rejected — already in position | NSE:DIXON
Signal rejected — already in position | NSE:DIXON
Signal rejected — already in position | NSE:DIXON
Signal rejected — already in position | NSE:DIXON
Signal rejected — already in position | NSE:DIXON
Signal rejected — already in position | NSE:DIXON
Signal rejected — already in position | NSE:DIXON
Signal rejected — already in position | NSE:DIXON
Signal rejected — already in position | NSE:DIXON
Signal rejected — already in position | NSE:DIXON
Signal rejected — already in position | NSE:DIXON
Signal rejected — already in position | NSE:DIXON
Signal rejected — already in position | NSE:DIXON
Signal rejected — already in position | NSE:DIXON
Signal rejected — already in position | NSE:DIXON
Signal rejected — already in position | NSE:DIXON
Signal rejected — already in position | NSE:DIXON
Signal rejected — already in position | NSE:DIXON
Signal rejected — already in position | NSE:DIXON
Signal rejected — already in position | NSE:DIXON
Signal rejected — already in position | NSE:DIXON
Signal rejected — already in position | NSE:DIXON
Signal rejected — already in position | NSE:DIXON
Signal rejected — already in position | NSE:DIXON
Signal rejected — already in position | NSE:DIXON
Signal rejected — already in position | NSE:DIXON
Signal rejected — already in position | NSE:DIXON
Signal rejected — already in position | NSE:DIXON
Signal rejected — already in position | NSE:DIXON
Signal rejected — already in position | NSE:DIXON
Signal rejected — already in position | NSE:DIXON
Quantity is 0 for NSE:DIXON — price 11206.70 vs available capital 251973
.Signal rejected — already in position | NSE:DIXON
Signal rejected — already in position | NSE:DIXON
Signal rejected — already in position | NSE:DIXON
Signal rejected — already in position | NSE:DIXON
Signal rejected — already in position | NSE:DIXON
Signal rejected — already in position | NSE:DIXON
Signal rejected — already in position | NSE:DIXON
Signal rejected — already in position | NSE:DIXON
Signal rejected — already in position | NSE:DIXON
Signal rejected — already in position | NSE:DIXON
Signal rejected — already in position | NSE:DIXON
Signal rejected — already in position | NSE:DIXON
Signal rejected — already in position | NSE:DIXON
Signal rejected — already in position | NSE:DIXON
Signal rejected — already in position | NSE:DIXON
Signal rejected — already in position | NSE:DIXON
Signal rejected — already in position | NSE:DIXON
Signal rejected — already in position | NSE:DIXON
Signal rejected — already in position | NSE:DIXON
Signal rejected — already in position | NSE:DIXON
Signal rejected — already in position | NSE:DIXON
Signal rejected — already in position | NSE:DIXON
Signal rejected — already in position | NSE:DIXON
Signal rejected — already in position | NSE:DIXON
Signal rejected — already in position | NSE:DIXON
Signal rejected — already in position | NSE:DIXON
Signal rejected — already in position | NSE:DIXON
Signal rejected — already in position | NSE:DIXON
Signal rejected — already in position | NSE:DIXON
Signal rejected — already in position | NSE:DIXON
Signal rejected — already in position | NSE:DIXON
Signal rejected — already in position | NSE:DIXON
Signal rejected — already in position | NSE:DIXON
Quantity is 0 for NSE:DIXON — price 11931.40 vs available capital 252155
.Signal rejected — already in position | NSE:DIXON
Signal rejected — already in position | NSE:DIXON
Signal rejected — already in position | NSE:DIXON
Signal rejected — already in position | NSE:DIXON
Signal rejected — already in position | NSE:DIXON
Signal rejected — already in position | NSE:DIXON
Signal rejected — already in position | NSE:DIXON
Signal rejected — already in position | NSE:DIXON
Signal rejected — already in position | NSE:DIXON
Signal rejected — already in position | NSE:DIXON
Signal rejected — already in position | NSE:DIXON
Signal rejected — already in position | NSE:DIXON
Signal rejected — already in position | NSE:DIXON
Quantity is 0 for NSE:DIXON — price 11931.40 vs available capital 251530
.Signal rejected — already in position | NSE:DIXON
Signal rejected — already in position | NSE:DIXON
Signal rejected — already in position | NSE:DIXON
Signal rejected — already in position | NSE:DIXON
Signal rejected — already in position | NSE:DIXON
Signal rejected — already in position | NSE:DIXON
Signal rejected — already in position | NSE:DIXON
Signal rejected — already in position | NSE:DIXON
Signal rejected — already in position | NSE:DIXON
Signal rejected — already in position | NSE:DIXON
Signal rejected — already in position | NSE:DIXON
Signal rejected — already in position | NSE:DIXON
Signal rejected — already in position | NSE:DIXON
Signal rejected — already in position | NSE:DIXON
Signal rejected — already in position | NSE:DIXON
Signal rejected — already in position | NSE:DIXON
Signal rejected — already in position | NSE:DIXON
Signal rejected — already in position | NSE:DIXON
Signal rejected — already in position | NSE:DIXON
Signal rejected — already in position | NSE:DIXON
Signal rejected — already in position | NSE:DIXON
Signal rejected — already in position | NSE:DIXON
Signal rejected — already in position | NSE:DIXON
Signal rejected — already in position | NSE:DIXON
Signal rejected — already in position | NSE:DIXON
Signal rejected — already in position | NSE:DIXON
Signal rejected — already in position | NSE:DIXON
Signal rejected — already in position | NSE:DIXON
Signal rejected — already in position | NSE:DIXON
Signal rejected — already in position | NSE:DIXON
Signal rejected — already in position | NSE:DIXON
Signal rejected — already in position | NSE:DIXON
Signal rejected — already in position | NSE:DIXON
Signal rejected — already in position | NSE:DIXON
Signal rejected — already in position | NSE:DIXON
Signal rejected — already in position | NSE:DIXON
Signal rejected — already in position | NSE:DIXON
Signal rejected — already in position | NSE:DIXON
Signal rejected — already in position | NSE:DIXON
Signal rejected — already in position | NSE:DIXON
Signal rejected — already in position | NSE:DIXON
Signal rejected — already in position | NSE:DIXON
Signal rejected — already in position | NSE:DIXON
Signal rejected — already in position | NSE:DIXON
Signal rejected — already in position | NSE:DIXON
Signal rejected — already in position | NSE:DIXON
Signal rejected — already in position | NSE:DIXON
Signal rejected — already in position | NSE:DIXON
Signal rejected — already in position | NSE:DIXON
Signal rejected — already in position | NSE:DIXON
Signal rejected — already in position | NSE:DIXON
Signal rejected — already in position | NSE:DIXON
Signal rejected — already in position | NSE:DIXON
Signal rejected — already in position | NSE:DIXON
Signal rejected — already in position | NSE:DIXON
Signal rejected — already in position | NSE:DIXON
Signal rejected — already in position | NSE:DIXON
Signal rejected — already in position | NSE:DIXON
Signal rejected — already in position | NSE:DIXON
Signal rejected — already in position | NSE:DIXON
Signal rejected — already in position | NSE:DIXON
Signal rejected — already in position | NSE:DIXON
Signal rejected — already in position | NSE:DIXON
Signal rejected — already in position | NSE:DIXON
Signal rejected — already in position | NSE:DIXON
Signal rejected — already in position | NSE:DIXON
Signal rejected — already in position | NSE:DIXON
Signal rejected — already in position | NSE:DIXON
Signal rejected — already in position | NSE:DIXON
Signal rejected — already in position | NSE:DIXON
Signal rejected — already in position | NSE:DIXON
Signal rejected — already in position | NSE:DIXON
Signal rejected — already in position | NSE:DIXON
Signal rejected — already in position | NSE:DIXON
Signal rejected — already in position | NSE:DIXON
Signal rejected — already in position | NSE:DIXON
Signal rejected — already in position | NSE:DIXON
Quantity is 0 for NSE:DIXON — price 11206.70 vs available capital 251831
.Signal rejected — already in position | NSE:DIXON
Signal rejected — already in position | NSE:DIXON
Signal rejected — already in position | NSE:DIXON
Signal rejected — already in position | NSE:DIXON
Signal rejected — already in position | NSE:DIXON
Signal rejected — already in position | NSE:DIXON
Signal rejected — already in position | NSE:DIXON
Signal rejected — already in position | NSE:DIXON
Signal rejected — already in position | NSE:DIXON
Signal rejected — already in position | NSE:DIXON
Signal rejected — already in position | NSE:DIXON
Signal rejected — already in position | NSE:DIXON
Signal rejected — already in position | NSE:DIXON
Signal rejected — already in position | NSE:DIXON
Signal rejected — already in position | NSE:DIXON
Signal rejected — already in position | NSE:DIXON
Signal rejected — already in position | NSE:DIXON
Signal rejected — already in position | NSE:DIXON
Signal rejected — already in position | NSE:DIXON
Signal rejected — already in position | NSE:DIXON
Signal rejected — already in position | NSE:DIXON
Signal rejected — already in position | NSE:DIXON
Signal rejected — already in position | NSE:DIXON
Signal rejected — already in position | NSE:DIXON
Signal rejected — already in position | NSE:DIXON
Signal rejected — already in position | NSE:DIXON
Signal rejected — already in position | NSE:DIXON
Signal rejected — already in position | NSE:DIXON
Signal rejected — already in position | NSE:DIXON
Signal rejected — already in position | NSE:DIXON
Signal rejected — already in position | NSE:DIXON
Signal rejected — already in position | NSE:DIXON
Signal rejected — already in position | NSE:DIXON
Signal rejected — already in position | NSE:DIXON
Signal rejected — already in position | NSE:DIXON
Signal rejected — already in position | NSE:DIXON
Signal rejected — already in position | NSE:DIXON
Signal rejected — already in position | NSE:DIXON
Signal rejected — already in position | NSE:DIXON
Signal rejected — already in position | NSE:DIXON
Signal rejected — already in position | NSE:DIXON
Signal rejected — already in position | NSE:DIXON
Signal rejected — already in position | NSE:DIXON
Signal rejected — already in position | NSE:DIXON
Signal rejected — already in position | NSE:DIXON
Signal rejected — already in position | NSE:DIXON
Signal rejected — already in position | NSE:DIXON
Signal rejected — already in position | NSE:DIXON
Signal rejected — already in position | NSE:DIXON
Signal rejected — already in position | NSE:DIXON
Signal rejected — already in position | NSE:DIXON
Signal rejected — already in position | NSE:DIXON
Quantity is 0 for NSE:DIXON — price 11206.70 vs available capital 251973
.Signal rejected — already in position | NSE:DIXON
Signal rejected — already in position | NSE:DIXON
Signal rejected — already in position | NSE:DIXON
Signal rejected — already in position | NSE:DIXON
Signal rejected — already in position | NSE:DIXON
Signal rejected — already in position | NSE:DIXON
Signal rejected — already in position | NSE:DIXON
Signal rejected — already in position | NSE:DIXON
Signal rejected — already in position | NSE:DIXON
Signal rejected — already in position | NSE:DIXON
Signal rejected — already in position | NSE:DIXON
Signal rejected — already in position | NSE:DIXON
Signal rejected — already in position | NSE:DIXON
Signal rejected — already in position | NSE:DIXON
Signal rejected — already in position | NSE:DIXON
Signal rejected — already in position | NSE:DIXON
Signal rejected — already in position | NSE:DIXON
Signal rejected — already in position | NSE:DIXON
Signal rejected — already in position | NSE:DIXON
Signal rejected — already in position | NSE:DIXON
Signal rejected — already in position | NSE:DIXON
Signal rejected — already in position | NSE:DIXON
Signal rejected — already in position | NSE:DIXON
Signal rejected — already in position | NSE:DIXON
Signal rejected — already in position | NSE:DIXON
Signal rejected — already in position | NSE:DIXON
Quantity is 0 for NSE:DIXON — price 11931.40 vs available capital 252200
.Signal rejected — already in position | NSE:DIXON
Signal rejected — already in position | NSE:DIXON
Signal rejected — already in position | NSE:DIXON
Signal rejected — already in position | NSE:DIXON
Signal rejected — already in position | NSE:DIXON
Signal rejected — already in position | NSE:DIXON
Signal rejected — already in position | NSE:DIXON
Signal rejected — already in position | NSE:DIXON
Signal rejected — already in position | NSE:DIXON
Signal rejected — already in position | NSE:DIXON
Signal rejected — already in position | NSE:DIXON
Signal rejected — already in position | NSE:DIXON
Quantity is 0 for NSE:DIXON — price 11931.40 vs available capital 251648
.Signal rejected — already in position | NSE:DIXON
Signal rejected — already in position | NSE:DIXON
Signal rejected — already in position | NSE:DIXON
Signal rejected — already in position | NSE:DIXON
Signal rejected — already in position | NSE:DIXON
Signal rejected — already in position | NSE:DIXON
Signal rejected — already in position | NSE:DIXON
Signal rejected — already in position | NSE:DIXON
Signal rejected — already in position | NSE:DIXON
Signal rejected — already in position | NSE:DIXON
Signal rejected — already in position | NSE:DIXON
Signal rejected — already in position | NSE:DIXON
Signal rejected — already in position | NSE:DIXON
Signal rejected — already in position | NSE:DIXON
Signal rejected — already in position | NSE:DIXON
Signal rejected — already in position | NSE:DIXON
Signal rejected — already in position | NSE:DIXON
Signal rejected — already in position | NSE:DIXON
Signal rejected — already in position | NSE:DIXON
Signal rejected — already in position | NSE:DIXON
Signal rejected — already in position | NSE:DIXON
Signal rejected — already in position | NSE:DIXON
Signal rejected — already in position | NSE:DIXON
Signal rejected — already in position | NSE:DIXON
Signal rejected — already in position | NSE:DIXON
Signal rejected — already in position | NSE:DIXON
Signal rejected — already in position | NSE:DIXON
Signal rejected — already in position | NSE:DIXON
Signal rejected — already in position | NSE:DIXON
Signal rejected — already in position | NSE:DIXON
Signal rejected — already in position | NSE:DIXON
Signal rejected — already in position | NSE:DIXON
Signal rejected — already in position | NSE:DIXON
Signal rejected — already in position | NSE:DIXON
Signal rejected — already in position | NSE:DIXON
Signal rejected — already in position | NSE:DIXON
Signal rejected — already in position | NSE:DIXON
Signal rejected — already in position | NSE:DIXON
Signal rejected — already in position | NSE:DIXON
Signal rejected — already in position | NSE:DIXON
Signal rejected — already in position | NSE:DIXON
Signal rejected — already in position | NSE:DIXON
Signal rejected — already in position | NSE:DIXON
Signal rejected — already in position | NSE:DIXON
Signal rejected — already in position | NSE:DIXON
Signal rejected — already in position | NSE:DIXON
Signal rejected — already in position | NSE:DIXON
Signal rejected — already in position | NSE:DIXON
Signal rejected — already in position | NSE:DIXON
Signal rejected — already in position | NSE:DIXON
Signal rejected — already in position | NSE:DIXON
Signal rejected — already in position | NSE:DIXON
Signal rejected — already in position | NSE:DIXON
Signal rejected — already in position | NSE:DIXON
Signal rejected — already in position | NSE:DIXON
Signal rejected — already in position | NSE:DIXON
Signal rejected — already in position | NSE:DIXON
Signal rejected — already in position | NSE:DIXON
Signal rejected — already in position | NSE:DIXON
Signal rejected — already in position | NSE:DIXON
Signal rejected — already in position | NSE:DIXON
Quantity is 0 for NSE:DIXON — price 11206.70 vs available capital 252048
.Signal rejected — already in position | NSE:DIXON
Signal rejected — already in position | NSE:DIXON
Signal rejected — already in position | NSE:DIXON
Signal rejected — already in position | NSE:DIXON
Signal rejected — already in position | NSE:DIXON
Signal rejected — already in position | NSE:DIXON
Signal rejected — already in position | NSE:DIXON
Signal rejected — already in position | NSE:DIXON
Signal rejected — already in position | NSE:DIXON
Signal rejected — already in position | NSE:DIXON
Signal rejected — already in position | NSE:DIXON
Signal rejected — already in position | NSE:DIXON
Signal rejected — already in position | NSE:DIXON
Signal rejected — already in position | NSE:DIXON
Signal rejected — already in position | NSE:DIXON
Signal rejected — already in position | NSE:DIXON
Signal rejected — already in position | NSE:DIXON
Signal rejected — already in position | NSE:DIXON
Signal rejected — already in position | NSE:DIXON
Signal rejected — already in position | NSE:DIXON
Signal rejected — already in position | NSE:DIXON
Signal rejected — already in position | NSE:DIXON
Signal rejected — already in position | NSE:DIXON
Signal rejected — already in position | NSE:DIXON
Signal rejected — already in position | NSE:DIXON
Signal rejected — already in position | NSE:DIXON
Signal rejected — already in position | NSE:DIXON
Signal rejected — already in position | NSE:DIXON
Signal rejected — already in position | NSE:DIXON
Signal rejected — already in position | NSE:DIXON
Signal rejected — already in position | NSE:DIXON
Signal rejected — already in position | NSE:DIXON
Signal rejected — already in position | NSE:DIXON
Signal rejected — already in position | NSE:DIXON
Signal rejected — already in position | NSE:DIXON
Signal rejected — already in position | NSE:DIXON
Signal rejected — already in position | NSE:DIXON
Signal rejected — already in position | NSE:DIXON
Signal rejected — already in position | NSE:DIXON
Signal rejected — already in position | NSE:DIXON
Quantity is 0 for NSE:DIXON — price 11206.70 vs available capital 252065
.Signal rejected — already in position | NSE:DIXON
Signal rejected — already in position | NSE:DIXON
Signal rejected — already in position | NSE:DIXON
Signal rejected — already in position | NSE:DIXON
Signal rejected — already in position | NSE:DIXON
Signal rejected — already in position | NSE:DIXON
Signal rejected — already in position | NSE:DIXON
Signal rejected — already in position | NSE:DIXON
Signal rejected — already in position | NSE:DIXON
Signal rejected — already in position | NSE:DIXON
Signal rejected — already in position | NSE:DIXON
Signal rejected — already in position | NSE:DIXON
Signal rejected — already in position | NSE:DIXON
Signal rejected — already in position | NSE:DIXON
Signal rejected — already in position | NSE:DIXON
Signal rejected — already in position | NSE:DIXON
Signal rejected — already in position | NSE:DIXON
Signal rejected — already in position | NSE:DIXON
Signal rejected — already in position | NSE:DIXON
Signal rejected — already in position | NSE:DIXON
Signal rejected — already in position | NSE:DIXON
Quantity is 0 for NSE:DIXON — price 11931.40 vs available capital 251941
.Signal rejected — already in position | NSE:DIXON
Signal rejected — already in position | NSE:DIXON
Signal rejected — already in position | NSE:DIXON
Signal rejected — already in position | NSE:DIXON
Signal rejected — already in position | NSE:DIXON
Signal rejected — already in position | NSE:DIXON
Signal rejected — already in position | NSE:DIXON
Signal rejected — already in position | NSE:DIXON
Signal rejected — already in position | NSE:DIXON
Signal rejected — already in position | NSE:DIXON
Signal rejected — already in position | NSE:DIXON
Quantity is 0 for NSE:DIXON — price 11439.95 vs available capital 251768
.Signal rejected — already in position | NSE:DIXON
Signal rejected — already in position | NSE:DIXON
Signal rejected — already in position | NSE:DIXON
Signal rejected — already in position | NSE:DIXON
Signal rejected — already in position | NSE:DIXON
Signal rejected — already in position | NSE:DIXON
Signal rejected — already in position | NSE:DIXON
Signal rejected — already in position | NSE:DIXON
Signal rejected — already in position | NSE:DIXON
Signal rejected — already in position | NSE:DIXON
Signal rejected — already in position | NSE:DIXON
Signal rejected — already in position | NSE:DIXON
Signal rejected — already in position | NSE:DIXON
Signal rejected — already in position | NSE:DIXON
Signal rejected — already in position | NSE:DIXON
Signal rejected — already in position | NSE:DIXON
Signal rejected — already in position | NSE:DIXON
Signal rejected — already in position | NSE:DIXON
Signal rejected — already in position | NSE:DIXON
Signal rejected — already in position | NSE:DIXON
Signal rejected — already in position | NSE:DIXON
Signal rejected — already in position | NSE:DIXON
Signal rejected — already in position | NSE:DIXON
Signal rejected — already in position | NSE:DIXON
Signal rejected — already in position | NSE:DIXON
Signal rejected — already in position | NSE:DIXON
Signal rejected — already in position | NSE:DIXON
Signal rejected — already in position | NSE:DIXON
Signal rejected — already in position | NSE:DIXON
Signal rejected — already in position | NSE:DIXON
Signal rejected — already in position | NSE:DIXON
Signal rejected — already in position | NSE:DIXON
Signal rejected — already in position | NSE:DIXON
Signal rejected — already in position | NSE:DIXON
Signal rejected — already in position | NSE:DIXON
Signal rejected — already in position | NSE:DIXON
Signal rejected — already in position | NSE:DIXON
Signal rejected — already in position | NSE:DIXON
Signal rejected — already in position | NSE:DIXON
Signal rejected — already in position | NSE:DIXON
Signal rejected — already in position | NSE:DIXON
Signal rejected — already in position | NSE:DIXON
Signal rejected — already in position | NSE:DIXON
Signal rejected — already in position | NSE:DIXON
Signal rejected — already in position | NSE:DIXON
Signal rejected — already in position | NSE:DIXON
Signal rejected — already in position | NSE:DIXON
Signal rejected — already in position | NSE:DIXON
Signal rejected — already in position | NSE:DIXON
Signal rejected — already in position | NSE:DIXON
Signal rejected — already in position | NSE:DIXON
Signal rejected — already in position | NSE:DIXON
Signal rejected — already in position | NSE:DIXON
Signal rejected — already in position | NSE:DIXON
Signal rejected — already in position | NSE:DIXON
Quantity is 0 for NSE:DIXON — price 11931.40 vs available capital 252130
.Signal rejected — already in position | NSE:DIXON
Signal rejected — already in position | NSE:DIXON
Signal rejected — already in position | NSE:DIXON
Signal rejected — already in position | NSE:DIXON
Signal rejected — already in position | NSE:DIXON
Signal rejected — already in position | NSE:DIXON
Signal rejected — already in position | NSE:DIXON
Signal rejected — already in position | NSE:DIXON
Signal rejected — already in position | NSE:DIXON
Signal rejected — already in position | NSE:DIXON
Signal rejected — already in position | NSE:DIXON
Signal rejected — already in position | NSE:DIXON
Signal rejected — already in position | NSE:DIXON
Signal rejected — already in position | NSE:DIXON
Signal rejected — already in position | NSE:DIXON
Signal rejected — already in position | NSE:DIXON
Signal rejected — already in position | NSE:DIXON
Signal rejected — already in position | NSE:DIXON
Signal rejected — already in position | NSE:DIXON
Signal rejected — already in position | NSE:DIXON
Signal rejected — already in position | NSE:DIXON
Signal rejected — already in position | NSE:DIXON
Signal rejected — already in position | NSE:DIXON
Signal rejected — already in position | NSE:DIXON
Signal rejected — already in position | NSE:DIXON
Signal rejected — already in position | NSE:DIXON
Signal rejected — already in position | NSE:DIXON
Signal rejected — already in position | NSE:DIXON
Signal rejected — already in position | NSE:DIXON
Signal rejected — already in position | NSE:DIXON
Signal rejected — already in position | NSE:DIXON
Signal rejected — already in position | NSE:DIXON
Signal rejected — already in position | NSE:DIXON
Quantity is 0 for NSE:DIXON — price 11931.40 vs available capital 251967
.Signal rejected — already in position | NSE:DIXON
Signal rejected — already in position | NSE:DIXON
Signal rejected — already in position | NSE:DIXON
Signal rejected — already in position | NSE:DIXON
Signal rejected — already in position | NSE:DIXON
Signal rejected — already in position | NSE:DIXON
Signal rejected — already in position | NSE:DIXON
Signal rejected — already in position | NSE:DIXON
Signal rejected — already in position | NSE:DIXON
Signal rejected — already in position | NSE:DIXON
Signal rejected — already in position | NSE:DIXON
Signal rejected — already in position | NSE:DIXON
Signal rejected — already in position | NSE:DIXON
Signal rejected — already in position | NSE:DIXON
Signal rejected — already in position | NSE:DIXON
Signal rejected — already in position | NSE:DIXON
Signal rejected — already in position | NSE:DIXON
Signal rejected — already in position | NSE:DIXON
Signal rejected — already in position | NSE:DIXON
Quantity is 0 for NSE:DIXON — price 11931.40 vs available capital 251941
.Signal rejected — already in position | NSE:DIXON
Signal rejected — already in position | NSE:DIXON
Signal rejected — already in position | NSE:DIXON
Signal rejected — already in position | NSE:DIXON
Signal rejected — already in position | NSE:DIXON
Signal rejected — already in position | NSE:DIXON
Signal rejected — already in position | NSE:DIXON
Signal rejected — already in position | NSE:DIXON
Signal rejected — already in position | NSE:DIXON
Signal rejected — already in position | NSE:DIXON
Quantity is 0 for NSE:DIXON — price 11439.95 vs available capital 251768
.Signal rejected — already in position | NSE:DIXON
Signal rejected — already in position | NSE:DIXON
Signal rejected — already in position | NSE:DIXON
Signal rejected — already in position | NSE:DIXON
Signal rejected — already in position | NSE:DIXON
Signal rejected — already in position | NSE:DIXON
Signal rejected — already in position | NSE:DIXON
Signal rejected — already in position | NSE:DIXON
Signal rejected — already in position | NSE:DIXON
Signal rejected — already in position | NSE:DIXON
Signal rejected — already in position | NSE:DIXON
Signal rejected — already in position | NSE:DIXON
Signal rejected — already in position | NSE:DIXON
Signal rejected — already in position | NSE:DIXON
Signal rejected — already in position | NSE:DIXON
Signal rejected — already in position | NSE:DIXON
Signal rejected — already in position | NSE:DIXON
Signal rejected — already in position | NSE:DIXON
Signal rejected — already in position | NSE:DIXON
Signal rejected — already in position | NSE:DIXON
Signal rejected — already in position | NSE:DIXON
Signal rejected — already in position | NSE:DIXON
Signal rejected — already in position | NSE:DIXON
Signal rejected — already in position | NSE:DIXON
Signal rejected — already in position | NSE:DIXON
Signal rejected — already in position | NSE:DIXON
Signal rejected — already in position | NSE:DIXON
Signal rejected — already in position | NSE:DIXON
Signal rejected — already in position | NSE:DIXON
Signal rejected — already in position | NSE:DIXON
Signal rejected — already in position | NSE:DIXON
Signal rejected — already in position | NSE:DIXON
Signal rejected — already in position | NSE:DIXON
Signal rejected — already in position | NSE:DIXON
Signal rejected — already in position | NSE:DIXON
Signal rejected — already in position | NSE:DIXON
Signal rejected — already in position | NSE:DIXON
Signal rejected — already in position | NSE:DIXON
Signal rejected — already in position | NSE:DIXON
Signal rejected — already in position | NSE:DIXON
Signal rejected — already in position | NSE:DIXON
Signal rejected — already in position | NSE:DIXON
Signal rejected — already in position | NSE:DIXON
Signal rejected — already in position | NSE:DIXON
Signal rejected — already in position | NSE:DIXON
Quantity is 0 for NSE:DIXON — price 11931.40 vs available capital 252135
.Signal rejected — already in position | NSE:DIXON
Signal rejected — already in position | NSE:DIXON
Signal rejected — already in position | NSE:DIXON
Signal rejected — already in position | NSE:DIXON
Signal rejected — already in position | NSE:DIXON
Signal rejected — already in position | NSE:DIXON
Signal rejected — already in position | NSE:DIXON
Signal rejected — already in position | NSE:DIXON
Signal rejected — already in position | NSE:DIXON
Signal rejected — already in position | NSE:DIXON
Signal rejected — already in position | NSE:DIXON
Signal rejected — already in position | NSE:DIXON
Signal rejected — already in position | NSE:DIXON
Signal rejected — already in position | NSE:DIXON
Signal rejected — already in position | NSE:DIXON
Signal rejected — already in position | NSE:DIXON
Signal rejected — already in position | NSE:DIXON
Signal rejected — already in position | NSE:DIXON
Signal rejected — already in position | NSE:DIXON
Signal rejected — already in position | NSE:DIXON
Signal rejected — already in position | NSE:DIXON
Signal rejected — already in position | NSE:DIXON
Signal rejected — already in position | NSE:DIXON
Signal rejected — already in position | NSE:DIXON
Signal rejected — already in position | NSE:DIXON
Signal rejected — already in position | NSE:DIXON
Quantity is 0 for NSE:DIXON — price 11931.40 vs available capital 252132
.Signal rejected — already in position | NSE:DIXON
Signal rejected — already in position | NSE:DIXON
Signal rejected — already in position | NSE:DIXON
Signal rejected — already in position | NSE:DIXON
Signal rejected — already in position | NSE:DIXON
Signal rejected — already in position | NSE:DIXON
Signal rejected — already in position | NSE:DIXON
Signal rejected — already in position | NSE:DIXON
Signal rejected — already in position | NSE:DIXON
Signal rejected — already in position | NSE:DIXON
Signal rejected — already in position | NSE:DIXON
Signal rejected — already in position | NSE:DIXON
Signal rejected — already in position | NSE:DIXON
Signal rejected — already in position | NSE:DIXON
Quantity is 0 for NSE:DIXON — price 11931.40 vs available capital 251778
.Signal rejected — already in position | NSE:DIXON
Signal rejected — already in position | NSE:DIXON
Signal rejected — already in position | NSE:DIXON
Signal rejected — already in position | NSE:DIXON
Signal rejected — already in position | NSE:DIXON
Signal rejected — already in position | NSE:DIXON
Signal rejected — already in position | NSE:DIXON
Signal rejected — already in position | NSE:DIXON
Signal rejected — already in position | NSE:DIXON
Signal rejected — already in position | NSE:DIXON
Signal rejected — already in position | NSE:DIXON
Quantity is 0 for NSE:DIXON — price 11439.95 vs available capital 251532
.Signal rejected — already in position | NSE:DIXON
Signal rejected — already in position | NSE:DIXON
Signal rejected — already in position | NSE:DIXON
Signal rejected — already in position | NSE:DIXON
Signal rejected — already in position | NSE:DIXON
Signal rejected — already in position | NSE:DIXON
Signal rejected — already in position | NSE:DIXON
Signal rejected — already in position | NSE:DIXON
Signal rejected — already in position | NSE:DIXON
Signal rejected — already in position | NSE:DIXON
Signal rejected — already in position | NSE:DIXON
Signal rejected — already in position | NSE:DIXON
Signal rejected — already in position | NSE:DIXON
Signal rejected — already in position | NSE:DIXON
Signal rejected — already in position | NSE:DIXON
Signal rejected — already in position | NSE:DIXON
Signal rejected — already in position | NSE:DIXON
Signal rejected — already in position | NSE:DIXON
Signal rejected — already in position | NSE:DIXON
Signal rejected — already in position | NSE:DIXON
Signal rejected — already in position | NSE:DIXON
Signal rejected — already in position | NSE:DIXON
Signal rejected — already in position | NSE:DIXON
Signal rejected — already in position | NSE:DIXON
Signal rejected — already in position | NSE:DIXON
Signal rejected — already in position | NSE:DIXON
Signal rejected — already in position | NSE:DIXON
Signal rejected — already in position | NSE:DIXON
Quantity is 0 for NSE:DIXON — price 11931.40 vs available capital 251975
.Signal rejected — already in position | NSE:DIXON
Signal rejected — already in position | NSE:DIXON
Signal rejected — already in position | NSE:DIXON
Signal rejected — already in position | NSE:DIXON
Signal rejected — already in position | NSE:DIXON
Signal rejected — already in position | NSE:DIXON
Signal rejected — already in position | NSE:DIXON
Signal rejected — already in position | NSE:DIXON
Signal rejected — already in position | NSE:DIXON
Signal rejected — already in position | NSE:DIXON
Signal rejected — already in position | NSE:DIXON
Signal rejected — already in position | NSE:DIXON
Signal rejected — already in position | NSE:DIXON
Signal rejected — already in position | NSE:DIXON
Signal rejected — already in position | NSE:DIXON
Signal rejected — already in position | NSE:DIXON
Signal rejected — already in position | NSE:DIXON
Signal rejected — already in position | NSE:DIXON
Signal rejected — already in position | NSE:DIXON
Signal rejected — already in position | NSE:DIXON
Quantity is 0 for NSE:DIXON — price 11931.40 vs available capital 251661
.Signal rejected — already in position | NSE:DIXON
Signal rejected — already in position | NSE:DIXON
Signal rejected — already in position | NSE:DIXON
Signal rejected — already in position | NSE:DIXON
Signal rejected — already in position | NSE:DIXON
Signal rejected — already in position | NSE:DIXON
Signal rejected — already in position | NSE:DIXON
Signal rejected — already in position | NSE:DIXON
Signal rejected — already in position | NSE:DIXON
Signal rejected — already in position | NSE:DIXON
Signal rejected — already in position | NSE:DIXON
Quantity is 0 for NSE:DIXON — price 11931.40 vs available capital 252029
.Signal rejected — already in position | NSE:DIXON
Signal rejected — already in position | NSE:DIXON
Signal rejected — already in position | NSE:DIXON
Signal rejected — already in position | NSE:DIXON
Signal rejected — already in position | NSE:DIXON
Signal rejected — already in position | NSE:DIXON
Signal rejected — already in position | NSE:DIXON
Signal rejected — already in position | NSE:DIXON
Signal rejected — already in position | NSE:DIXON
Signal rejected — already in position | NSE:DIXON
Quantity is 0 for NSE:DIXON — price 11439.95 vs available capital 251718
.
{
  "symbol": "NSE:DIXON",
  "from_date": "2024-01-01",
  "baseline": {
    "pnl": 1802.72,
    "trades": 10,
    "win_rate": 60.0
  },
  "current_override": {},
  "results": [
    {
      "fl": false,
      "min_return_pct": null,
      "threshold": 0.88,
      "pnl": 2149.83,
      "trades": 14,
      "win_rate": 64.3,
      "delta": 347.11
    },
    {
      "fl": true,
      "min_return_pct": 1.0,
      "threshold": 0.92,
      "pnl": 2005.42,
      "trades": 12,
      "win_rate": 58.3,
      "delta": 202.7
    },
    {
      "fl": false,
      "min_return_pct": null,
      "threshold": 0.92,
      "pnl": 1978.76,
      "trades": 11,
      "win_rate": 63.6,
      "delta": 176.04
    },
    {
      "fl": true,
      "min_return_pct": 2.5,
      "threshold": 0.88,
      "pnl": 1950.34,
      "trades": 11,
      "win_rate": 63.6,
      "delta": 147.62
    },
    {
      "fl": true,
      "min_return_pct": 2.0,
      "threshold": 0.88,
      "pnl": 1946.48,
      "trades": 11,
      "win_rate": 63.6,
      "delta": 143.76
    },
    {
      "fl": true,
      "min_return_pct": 2.5,
      "threshold": 0.9,
      "pnl": 1937.24,
      "trades": 12,
      "win_rate": 58.3,
      "delta": 134.52
    },
    {
      "fl": true,
      "min_return_pct": 1.5,
      "threshold": 0.9,
      "pnl": 1889.02,
      "trades": 11,
      "win_rate": 63.6,
      "delta": 86.3
    },
    {
      "fl": true,
      "min_return_pct": 3.0,
      "threshold": 0.92,
      "pnl": 1882.98,
      "trades": 9,
      "win_rate": 55.6,
      "delta": 80.26
    },
    {
      "fl": true,
      "min_return_pct": 1.5,
      "threshold": 0.88,
      "pnl": 1850.37,
      "trades": 12,
      "win_rate": 66.7,
      "delta": 47.65
    },
    {
      "fl": false,
      "min_return_pct": null,
      "threshold": 0.9,
      "pnl": 1802.72,
      "trades": 10,
      "win_rate": 60.0,
      "delta": 0.0
    }
  ],
  "best": {
    "fl": false,
    "min_return_pct": null,
    "threshold": 0.88,
    "pnl": 2149.83,
    "trades": 14,
    "win_rate": 64.3,
    "delta": 347.11
  }
}
